<testsuite errors="0" failures="0" name="Django Project Tests" skips="0" tests="30" time="0.751"><testcase classname="treasurer_tools.bank_reconciliation.tests.test_models.ReconciliationMatchModelTest" name="test_string_representation" time="0.023012" /><testcase classname="treasurer_tools.bank_reconciliation.tests.test_utils.BankReconciliationObjectTest" name="test_error_on_already_matched_bank_id" time="0.046023" /><testcase classname="treasurer_tools.bank_reconciliation.tests.test_utils.BankReconciliationObjectTest" name="test_error_on_already_matched_financial_id" time="0.016008" /><testcase classname="treasurer_tools.bank_reconciliation.tests.test_utils.BankReconciliationObjectTest" name="test_error_on_invalid_bank_id_format" time="0.013006" /><testcase classname="treasurer_tools.bank_reconciliation.tests.test_utils.BankReconciliationObjectTest" name="test_error_on_invalid_financial_id_format" time="0.014007" /><testcase classname="treasurer_tools.bank_reconciliation.tests.test_utils.BankReconciliationObjectTest" name="test_error_on_invalid_raw_data" time="0.013006" /><testcase classname="treasurer_tools.bank_reconciliation.tests.test_utils.BankReconciliationObjectTest" name="test_error_on_missing_bank_id_key" time="0.013007" /><testcase classname="treasurer_tools.bank_reconciliation.tests.test_utils.BankReconciliationObjectTest" name="test_error_on_missing_bank_ids" time="0.013007" /><testcase classname="treasurer_tools.bank_reconciliation.tests.test_utils.BankReconciliationObjectTest" name="test_error_on_missing_financial_id_key" time="0.013007" /><testcase classname="treasurer_tools.bank_reconciliation.tests.test_utils.BankReconciliationObjectTest" name="test_error_on_missing_financial_ids" time="0.013006" /><testcase classname="treasurer_tools.bank_reconciliation.tests.test_utils.BankReconciliationObjectTest" name="test_error_on_nonexistent_bank_id" time="0.013006" /><testcase classname="treasurer_tools.bank_reconciliation.tests.test_utils.BankReconciliationObjectTest" name="test_error_on_nonexistent_financial_id" time="0.013007" /><testcase classname="treasurer_tools.bank_reconciliation.tests.test_utils.BankReconciliationObjectTest" name="test_error_on_unmatched_bank_id" time="0.013006" /><testcase classname="treasurer_tools.bank_reconciliation.tests.test_utils.BankReconciliationObjectTest" name="test_error_on_unmatched_financial_id" time="0.014007" /><testcase classname="treasurer_tools.bank_reconciliation.tests.test_utils.BankReconciliationObjectTest" name="test_is_valid_with_valid_data" time="0.013006" /><testcase classname="treasurer_tools.bank_reconciliation.tests.test_utils.BankReconciliationObjectTest" name="test_match_success_database_changes" time="0.015008" /><testcase classname="treasurer_tools.bank_reconciliation.tests.test_utils.BankReconciliationObjectTest" name="test_match_success_response_on_valid_data" time="0.013006" /><testcase classname="treasurer_tools.bank_reconciliation.tests.test_utils.BankReconciliationObjectTest" name="test_unmatch_success_database_changes" time="0.015007" /><testcase classname="treasurer_tools.bank_reconciliation.tests.test_utils.BankReconciliationObjectTest" name="test_unmatch_success_response_on_valid_data" time="0.014007" /><testcase classname="treasurer_tools.bank_reconciliation.tests.test_utils.ReturnTransactionsAsJSONTest" name="test_error_on_missing_transaction_type" time="0.016008" /><testcase classname="treasurer_tools.bank_reconciliation.tests.test_utils.ReturnTransactionsAsJSONTest" name="test_error_response_on_invalid_transaction_type" time="0.012006" /><testcase classname="treasurer_tools.bank_reconciliation.tests.test_utils.ReturnTransactionsAsJSONTest" name="test_proper_json_response_on_valid_bank_data" time="0.015008" /><testcase classname="treasurer_tools.bank_reconciliation.tests.test_utils.ReturnTransactionsAsJSONTest" name="test_proper_json_response_on_valid_financial_data" time="0.018009" /><testcase classname="treasurer_tools.bank_reconciliation.tests.test_views.ReconciliationDashboardTest" name="test_dashboard_accessible_by_name" time="0.110055" /><testcase classname="treasurer_tools.bank_reconciliation.tests.test_views.ReconciliationDashboardTest" name="test_dashboard_redirect_if_not_logged_in" time="0.013006" /><testcase classname="treasurer_tools.bank_reconciliation.tests.test_views.ReconciliationDashboardTest" name="test_dashboard_template" time="0.008004" /><testcase classname="treasurer_tools.bank_reconciliation.tests.test_views.ReconciliationDashboardTest" name="test_dashboard_url_exists_at_desired_location" time="0.007004" /><testcase classname="treasurer_tools.bank_reconciliation.tests.test_views.ReconciliationMatchTest" name="test_redirect_if_not_logged_in" time="0.004002" /><testcase classname="treasurer_tools.bank_reconciliation.tests.test_views.ReconciliationRetrieveTest" name="test_dashboard_redirect_if_not_logged_in" time="0.012007" /><testcase classname="treasurer_tools.bank_reconciliation.tests.test_views.ReconciliationUnmatchTest" name="test_redirect_if_not_logged_in" time="0.006003" /></testsuite>